// Jest Snapshot v1, https://goo.gl/fbAQLP

exports[`renders correctly 1`] = `
<section
  className="mainContainer"
>
  <h2>
    Let's Do Some Math! 
  </h2>
  <div
    className="container"
  >
    <div
      className="display"
    >
      0
    </div>
    <div
      className="keypad"
    >
      <button
        onClick={[Function]}
        type="button"
      >
        AC
      </button>
      <button
        onClick={[Function]}
        type="button"
      >
        +/-
      </button>
      <button
        onClick={[Function]}
        type="button"
      >
        %
      </button>
      <button
        className="deepOrange"
        onClick={[Function]}
        type="button"
      >
        รท
      </button>
      <button
        onClick={[Function]}
        type="button"
      >
        7
      </button>
      <button
        onClick={[Function]}
        type="button"
      >
        8
      </button>
      <button
        onClick={[Function]}
        type="button"
      >
        9
      </button>
      <button
        className="deepOrange"
        onClick={[Function]}
        type="button"
      >
        x
      </button>
      <button
        onClick={[Function]}
        type="button"
      >
        4
      </button>
      <button
        onClick={[Function]}
        type="button"
      >
        5
      </button>
      <button
        onClick={[Function]}
        type="button"
      >
        6
      </button>
      <button
        className="deepOrange"
        onClick={[Function]}
        type="button"
      >
        -
      </button>
      <button
        onClick={[Function]}
        type="button"
      >
        1
      </button>
      <button
        onClick={[Function]}
        type="button"
      >
        2
      </button>
      <button
        onClick={[Function]}
        type="button"
      >
        3
      </button>
      <button
        className="deepOrange"
        onClick={[Function]}
        type="button"
      >
        +
      </button>
      <button
        className="zero"
        onClick={[Function]}
        type="button"
      >
        0
      </button>
      <button
        onClick={[Function]}
        type="button"
      >
        .
      </button>
      <button
        className="deepOrange"
        onClick={[Function]}
        type="button"
      >
        =
      </button>
    </div>
  </div>
</section>
`;
