// Jest Snapshot v1, https://goo.gl/fbAQLP

exports[`test navbar render 1`] = `
<header
  className="header"
>
  <h1>
    Math Magicians
  </h1>
  <nav>
    <ul>
      <li>
        <a
          aria-current="page"
          className="active"
          href="/"
          onClick={[Function]}
        >
          Home
        </a>
      </li>
      <hr />
      <li>
        <a
          className=""
          href="/calculator"
          onClick={[Function]}
        >
          Calculator
        </a>
      </li>
      <hr />
      <li>
        <a
          className=""
          href="/quotes"
          onClick={[Function]}
        >
          Quotes
        </a>
      </li>
    </ul>
  </nav>
</header>
`;
